 git remote

Sayan Dhara@DESKTOP-L7CSC3N MINGW64 ~/Git (master)
$

Sayan Dhara@DESKTOP-L7CSC3N MINGW64 ~/Git (master)
$

Sayan Dhara@DESKTOP-L7CSC3N MINGW64 ~/Git (master)
$

Sayan Dhara@DESKTOP-L7CSC3N MINGW64 ~/Git (master)
$ git remote add origin https://github.com/Sayan123Dhara/gittuitorialforPractice.git

Sayan Dhara@DESKTOP-L7CSC3N MINGW64 ~/Git (master)
$ git remote
origin

Sayan Dhara@DESKTOP-L7CSC3N MINGW64 ~/Git (master)
$ git push -u origin main
error: src refspec main does not match any
error: failed to push some refs to 'https://github.com/Sayan123Dhara/gittuitorialforPractice.git'

Sayan Dhara@DESKTOP-L7CSC3N MINGW64 ~/Git (master)
$ ssh-keygen -t ed25519 -C "sayandhara23@gmail.com"
Generating public/private ed25519 key pair.
Enter file in which to save the key (/c/Users/Sayan Dhara/.ssh/id_ed25519):
Created directory '/c/Users/Sayan Dhara/.ssh'.
Enter passphrase (empty for no passphrase):
Enter same passphrase again:
Your identification has been saved in /c/Users/Sayan Dhara/.ssh/id_ed25519
Your public key has been saved in /c/Users/Sayan Dhara/.ssh/id_ed25519.pub
The key fingerprint is:
SHA256:NePrwRwFsPSudNOb57cuOFP6Vo49sozhsUQD8p9rooo sayandhara23@gmail.com
The key's randomart image is:
+--[ED25519 256]--+
|        o..      |
|       . o .     |
|       ...= .    |
|        o+.=     |
|        S.*o.    |
|       . =o+o+ . |
|        . =** *  |
|    .    ooBBB +.|
|   E .... +==+*+o|
+----[SHA256]-----+

Sayan Dhara@DESKTOP-L7CSC3N MINGW64 ~/Git (master)
$ eval $(ssh-agent -s)
Agent pid 1825

Sayan Dhara@DESKTOP-L7CSC3N MINGW64 ~/Git (master)
$ ssh-add ~/.ssh/id_rsa
/c/Users/Sayan Dhara/.ssh/id_rsa: No such file or directory

Sayan Dhara@DESKTOP-L7CSC3N MINGW64 ~/Git (master)
$ tail ~/.ssh/id_rsa.pub
tail: cannot open '/c/Users/Sayan Dhara/.ssh/id_rsa.pub' for reading: No such file or directory

Sayan Dhara@DESKTOP-L7CSC3N MINGW64 ~/Git (master)
$ ssh-add ~/.ssh/id_rsa
/c/Users/Sayan Dhara/.ssh/id_rsa: No such file or directory

Sayan Dhara@DESKTOP-L7CSC3N MINGW64 ~/Git (master)
$ ls -al ~/.ssh
total 14
drwxr-xr-x 1 Sayan Dhara 197121   0 Jan  5 09:02 ./
drwxr-xr-x 1 Sayan Dhara 197121   0 Jan  5 09:02 ../
-rw-r--r-- 1 Sayan Dhara 197121 419 Jan  5 09:02 id_ed25519
-rw-r--r-- 1 Sayan Dhara 197121 104 Jan  5 09:02 id_ed25519.pub

Sayan Dhara@DESKTOP-L7CSC3N MINGW64 ~/Git (master)
$ ssh-keygen -t rsa -C "sayandhara23@gmail.com" -f ~/.ssh/id_rsa -P ""
Generating public/private rsa key pair.
Your identification has been saved in /c/Users/Sayan Dhara/.ssh/id_rsa
Your public key has been saved in /c/Users/Sayan Dhara/.ssh/id_rsa.pub
The key fingerprint is:
SHA256:VGpAsJricLDRQmlwpdIEuUS03evPktkNshPeNcM3Ymk sayandhara23@gmail.com
The key's randomart image is:
+---[RSA 3072]----+
|**+.ooo   .      |
|oOo... . o       |
|Bo+...  +        |
|.* o  .o         |
|+ +  .  S .      |
|oo  .o . E o     |
| .  ..O * = .    |
|     Boo .       |
|      oo         |
+----[SHA256]-----+

Sayan Dhara@DESKTOP-L7CSC3N MINGW64 ~/Git (master)
$ ssh-add ~/.ssh/id_rsa
Identity added: /c/Users/Sayan Dhara/.ssh/id_rsa (sayandhara23@gmail.com)

Sayan Dhara@DESKTOP-L7CSC3N MINGW64 ~/Git (master)
$ tail ~/.ssh/id_rsa.pub
ssh-rsa AAAAB3NzaC1yc2EAAAADAQABAAABgQDIOcQXf4yUmRbHPu5ynObz0wy1yYqXO2SfRePr4gz5mRed8lyJ4DGxSN9p0w3yDqqOLD0qbdYAxKXp6UY/+o4SP9Ca7PGHFt0blRmHlbJ2nzlydxsLgUu32qZywOvTQnP4JTLmMK9QcrR5A+SyuinZBVgPtIswE94jBPPiSMk5rW4lBygGTYJJW0TMutUYvP9QS4x4D1LzBnIfrGHWvyfhuJlGSKFmBfTXhTY5dI+YOAVyqdhA6ZWyhWFaF30KTOwF+sgKI4d9KGWezvFBOYEsmmLZuNir9gbyBrW4lsbkrQV8DV1MlnWJO2K49xcey53OXGW3lr9CkM9/FvnTYSHpVWUanEoYqSDRGTMxgvEYg5T2KovetY2iTW+A1j1C3NarZt9oMn5gXeETvdp6Y9xmG+Cn3IUlWiisBznSZZ0q7zjR3rw1XzSMMW/VFZVocgwSvjskl6GsTs8DZFYdIFwWHyfvhOC+YQyO2dmpfKfTfFPpjDtHCdCz4x0WMbP5c68= sayandhara23@gmail.com

Sayan Dhara@DESKTOP-L7CSC3N MINGW64 ~/Git (master)
$ git push -u origin main
error: src refspec main does not match any
error: failed to push some refs to 'https://github.com/Sayan123Dhara/gittuitorialforPractice.git'

Sayan Dhara@DESKTOP-L7CSC3N MINGW64 ~/Git (master)
$ git pull --rebase origin main
fatal: couldn't find remote ref main

Sayan Dhara@DESKTOP-L7CSC3N MINGW64 ~/Git (master)
$ git push -f origin master
Enumerating objects: 13, done.
Counting objects: 100% (13/13), done.
Delta compression using up to 8 threads
Compressing objects: 100% (8/8), done.
Writing objects: 100% (13/13), 1.08 KiB | 277.00 KiB/s, done.
Total 13 (delta 1), reused 0 (delta 0), pack-reused 0
remote: Resolving deltas: 100% (1/1), done.
To https://github.com/Sayan123Dhara/gittuitorialforPractice.git
 * [new branch]      master -> master
